MemTotal:       1056083564 kB
MemFree:        604003316 kB
MemAvailable:   892229956 kB
Buffers:             256 kB
Cached:         275610256 kB
SwapCached:            4 kB
Active:         333503928 kB
Inactive:       59563052 kB
Active(anon):   117615776 kB
Inactive(anon):  4865292 kB
Active(file):   215888152 kB
Inactive(file): 54697760 kB
Unevictable:          16 kB
Mlocked:              16 kB
SwapTotal:       4194300 kB
SwapFree:        4186364 kB
Dirty:               920 kB
Writeback:             0 kB
AnonPages:      117456760 kB
Mapped:          6275740 kB
Shmem:           5024600 kB
Slab:           22216960 kB
SReclaimable:   19399088 kB
SUnreclaim:      2817872 kB
KernelStack:      345088 kB
PageTables:      1497732 kB
NFS_Unstable:          0 kB
Bounce:                0 kB
WritebackTmp:          0 kB
CommitLimit:    532236080 kB
Committed_AS:   348017812 kB
VmallocTotal:   34359738367 kB
VmallocUsed:     1936312 kB
VmallocChunk:   33820510204 kB
Percpu:            26560 kB
HardwareCorrupted:     0 kB
AnonHugePages:  24494080 kB
CmaTotal:              0 kB
CmaFree:               0 kB
HugePages_Total:       0
HugePages_Free:        0
HugePages_Rsvd:        0
HugePages_Surp:        0
Hugepagesize:       2048 kB
DirectMap4k:     1412928 kB
DirectMap2M:    10610688 kB
DirectMap1G:    1063256064 kB
