MemTotal:       1056083564 kB
MemFree:        430174892 kB
MemAvailable:   902885272 kB
Buffers:             256 kB
Cached:         455436152 kB
SwapCached:            4 kB
Active:         458178200 kB
Inactive:       103219568 kB
Active(anon):   106529880 kB
Inactive(anon):  5297376 kB
Active(file):   351648320 kB
Inactive(file): 97922192 kB
Unevictable:          16 kB
Mlocked:              16 kB
SwapTotal:       4194300 kB
SwapFree:        4186364 kB
Dirty:               344 kB
Writeback:             0 kB
AnonPages:      105955484 kB
Mapped:          6763628 kB
Shmem:           5865880 kB
Slab:           27721960 kB
SReclaimable:   24898228 kB
SUnreclaim:      2823732 kB
KernelStack:      345856 kB
PageTables:      1487720 kB
NFS_Unstable:          0 kB
Bounce:                0 kB
WritebackTmp:          0 kB
CommitLimit:    532236080 kB
Committed_AS:   332329636 kB
VmallocTotal:   34359738367 kB
VmallocUsed:     1936312 kB
VmallocChunk:   33820510204 kB
Percpu:            26560 kB
HardwareCorrupted:     0 kB
AnonHugePages:  24309760 kB
CmaTotal:              0 kB
CmaFree:               0 kB
HugePages_Total:       0
HugePages_Free:        0
HugePages_Rsvd:        0
HugePages_Surp:        0
Hugepagesize:       2048 kB
DirectMap4k:     1412928 kB
DirectMap2M:    10610688 kB
DirectMap1G:    1063256064 kB
