MemTotal:       1056083564 kB
MemFree:        274566752 kB
MemAvailable:   879332208 kB
Buffers:             256 kB
Cached:         583817448 kB
SwapCached:            4 kB
Active:         613989152 kB
Inactive:       99411152 kB
Active(anon):   130151120 kB
Inactive(anon):  5184176 kB
Active(file):   483838032 kB
Inactive(file): 94226976 kB
Unevictable:          16 kB
Mlocked:              16 kB
SwapTotal:       4194300 kB
SwapFree:        4186364 kB
Dirty:                64 kB
Writeback:             0 kB
AnonPages:      129585744 kB
Mapped:          6684764 kB
Shmem:           5752696 kB
Slab:           31277980 kB
SReclaimable:   28458808 kB
SUnreclaim:      2819172 kB
KernelStack:      346896 kB
PageTables:      1532424 kB
NFS_Unstable:          0 kB
Bounce:                0 kB
WritebackTmp:          0 kB
CommitLimit:    532236080 kB
Committed_AS:   359018532 kB
VmallocTotal:   34359738367 kB
VmallocUsed:     1936312 kB
VmallocChunk:   33820510204 kB
Percpu:            26560 kB
HardwareCorrupted:     0 kB
AnonHugePages:  24326144 kB
CmaTotal:              0 kB
CmaFree:               0 kB
HugePages_Total:       0
HugePages_Free:        0
HugePages_Rsvd:        0
HugePages_Surp:        0
Hugepagesize:       2048 kB
DirectMap4k:     1412928 kB
DirectMap2M:    10610688 kB
DirectMap1G:    1063256064 kB
