MemTotal:       1056083564 kB
MemFree:        601464516 kB
MemAvailable:   888949804 kB
Buffers:             256 kB
Cached:         274807552 kB
SwapCached:            4 kB
Active:         336814220 kB
Inactive:       58796528 kB
Active(anon):   120962312 kB
Inactive(anon):  4805188 kB
Active(file):   215851908 kB
Inactive(file): 53991340 kB
Unevictable:          16 kB
Mlocked:              16 kB
SwapTotal:       4194300 kB
SwapFree:        4186364 kB
Dirty:                96 kB
Writeback:             0 kB
AnonPages:      120804016 kB
Mapped:          6209420 kB
Shmem:           4964552 kB
Slab:           22219664 kB
SReclaimable:   19400400 kB
SUnreclaim:      2819264 kB
KernelStack:      344736 kB
PageTables:      1501104 kB
NFS_Unstable:          0 kB
Bounce:                0 kB
WritebackTmp:          0 kB
CommitLimit:    532236080 kB
Committed_AS:   344771428 kB
VmallocTotal:   34359738367 kB
VmallocUsed:     1936312 kB
VmallocChunk:   33820510204 kB
Percpu:            26560 kB
HardwareCorrupted:     0 kB
AnonHugePages:  24524800 kB
CmaTotal:              0 kB
CmaFree:               0 kB
HugePages_Total:       0
HugePages_Free:        0
HugePages_Rsvd:        0
HugePages_Surp:        0
Hugepagesize:       2048 kB
DirectMap4k:     1412928 kB
DirectMap2M:    10610688 kB
DirectMap1G:    1063256064 kB
