MemTotal:       1056083564 kB
MemFree:        476130324 kB
MemAvailable:   890940208 kB
Buffers:             256 kB
Cached:         399153888 kB
SwapCached:            4 kB
Active:         441082128 kB
Inactive:       76813572 kB
Active(anon):   118901132 kB
Inactive(anon):  4867916 kB
Active(file):   322180996 kB
Inactive(file): 71945656 kB
Unevictable:          16 kB
Mlocked:              16 kB
SwapTotal:       4194300 kB
SwapFree:        4186364 kB
Dirty:               200 kB
Writeback:             0 kB
AnonPages:      118741732 kB
Mapped:          6446360 kB
Shmem:           5027492 kB
Slab:           25260732 kB
SReclaimable:   22441592 kB
SUnreclaim:      2819140 kB
KernelStack:      344064 kB
PageTables:      1500312 kB
NFS_Unstable:          0 kB
Bounce:                0 kB
WritebackTmp:          0 kB
CommitLimit:    532236080 kB
Committed_AS:   348919672 kB
VmallocTotal:   34359738367 kB
VmallocUsed:     1936460 kB
VmallocChunk:   33820510204 kB
Percpu:            26560 kB
HardwareCorrupted:     0 kB
AnonHugePages:  24498176 kB
CmaTotal:              0 kB
CmaFree:               0 kB
HugePages_Total:       0
HugePages_Free:        0
HugePages_Rsvd:        0
HugePages_Surp:        0
Hugepagesize:       2048 kB
DirectMap4k:     1412928 kB
DirectMap2M:    10610688 kB
DirectMap1G:    1063256064 kB
